A2026-01-04 18:34:00.908 1100 Start to create detector object, work_dir = D:\CPPRepos\IRay_Test\x64\Debug\
E2026-01-04 18:34:00.910 1100 Create detector object failed, can not find config file at 'D:\CPPRepos\IRay_Test\x64\Debug\config.ini'
A2026-01-04 18:34:28.298 1468 Start to create detector object, work_dir = D:\CPPRepos\IRay_Test\x64\Debug\
E2026-01-04 18:34:28.313 1468 Create detector object failed, can not find config file at 'D:\CPPRepos\IRay_Test\x64\Debug\config.ini'
A2026-01-04 18:36:26.984 10f4 Start to create detector object, work_dir = D:\CPPRepos\IRay_Test\x64\Debug\
E2026-01-04 18:36:26.995 10f4 Create detector object failed, can not find config file at 'D:\CPPRepos\IRay_Test\x64\Debug\config.ini'
A2026-01-04 18:38:17.277 5084 Start to create detector object, work_dir = D:\CPPRepos\IRay_Test\x64\Debug\
E2026-01-04 18:38:17.291 5084 Create detector object failed, can not find config file at 'D:\CPPRepos\IRay_Test\x64\Debug\config.ini'
A2026-01-04 18:45:47.122 3314 Start to create detector object, work_dir = D:\CPPRepos\IRay_Test\x64\Debug\11111111111\
E2026-01-04 18:45:47.135 3314 Create detector object failed, can not find config file at 'D:\CPPRepos\IRay_Test\x64\Debug\11111111111\config.ini'
A2026-01-04 18:47:38.752 4008 Start to create detector object, work_dir = D:\CPPRepos\IRay_Test\x64\Debug\NDT1717HS\
E2026-01-04 18:47:38.764 4008 Create detector object failed, can not find config file at 'D:\CPPRepos\IRay_Test\x64\Debug\NDT1717HS\config.ini'
A2026-01-04 18:48:47.944 65f8 Start to create detector object, work_dir = D:\CPPRepos\IRay_Test\x64\Debug\/NDT1717HS\
E2026-01-04 18:48:47.956 65f8 Create detector object failed, can not find config file at 'D:\CPPRepos\IRay_Test\x64\Debug\/NDT1717HS\config.ini'
A2026-01-04 18:48:56.141 6ba4 Start to create detector object, work_dir = D:\CPPRepos\IRay_Test\x64\Debug\/NDT1717HS\
E2026-01-04 18:48:56.156 6ba4 Create detector object failed, can not find config file at 'D:\CPPRepos\IRay_Test\x64\Debug\/NDT1717HS\config.ini'
A2026-01-04 18:52:46.879 2c64 Start to create detector object, work_dir = D:\CPPRepos\IRay_Test\x64\Debug\/Mercu1717V\
E2026-01-04 18:52:46.895 2c64 Create detector object failed, can not find config file at 'D:\CPPRepos\IRay_Test\x64\Debug\/Mercu1717V\config.ini'
A2026-01-04 18:54:20.659 4e14 Start to create detector object, work_dir = D:\CPPRepos\IRay_Test\x64\Debug\./Mercu1717V\
E2026-01-04 18:54:20.672 4e14 Create detector object failed, can not find config file at 'D:\CPPRepos\IRay_Test\x64\Debug\./Mercu1717V\config.ini'
A2026-01-04 18:57:13.894 497c Start to create detector object, work_dir = D:\CPPRepos\IRay_Test\work_dir\Mercu1717V\
A2026-01-04 18:57:14.344 497c Create detector object succeed, detector ID = 1
A2026-01-04 19:02:17.653 72c8 Start to create detector object, work_dir = D:\\CPPRepos\\IRay_Test\\work_dir\\NDT1717HS\
A2026-01-04 19:02:18.042 72c8 Create detector object succeed, detector ID = 1
